// Jest Snapshot v1, https://goo.gl/fbAQLP

exports[`forward.graphql 1`] = `
Object {
  "data": Object {
    "f1": Object {
      "parent": Object {
        "childrenByParentId": Object {
          "nodes": Array [
            Object {
              "id": 1,
              "name": "child 1 of test f1",
              "parentId": 1,
            },
            Object {
              "id": 2,
              "name": "child 2 of test f1",
              "parentId": 1,
            },
          ],
        },
        "id": 1,
        "name": "test f1",
      },
    },
    "f2": Object {
      "parent": Object {
        "childrenByParentId": Object {
          "nodes": Array [],
        },
        "id": 3,
        "name": "test f2",
      },
    },
  },
}
`;

exports[`multi.graphql 1`] = `
Object {
  "data": Object {
    "multi1": Object {
      "multiParent": Object {
        "id": 1,
        "multiChildrenByParentIdAndParentName": Object {
          "nodes": Array [
            Object {
              "id": 1,
              "parentId": 1,
              "parentName": "test multi1",
            },
            Object {
              "id": 2,
              "parentId": 1,
              "parentName": "test multi1",
            },
          ],
        },
        "name": "test multi1",
      },
    },
    "multi2": Object {
      "multiChild": Object {
        "id": 3,
        "multiParentByParentIdAndParentName": Object {
          "id": 2,
          "name": "parent of child multi2",
        },
        "name": "test multi2",
      },
    },
  },
}
`;

exports[`named.graphql 1`] = `
Object {
  "data": Object {
    "named1": Object {
      "namedParent": Object {
        "id": 1,
        "name": "test named1",
        "namedChildrenByParentId": Object {
          "nodes": Array [
            Object {
              "id": 1,
              "name": "child 1 of test named1",
              "parentId": 1,
            },
            Object {
              "id": 2,
              "name": "child 2 of test named1",
              "parentId": 1,
            },
          ],
        },
      },
    },
    "named2": Object {
      "namedChild": Object {
        "id": 3,
        "name": "test named2",
        "namedParentByParentId": Object {
          "id": 2,
          "name": "parent of child named2",
        },
      },
    },
  },
}
`;

exports[`reverse.graphql 1`] = `
Object {
  "data": Object {
    "r1": Object {
      "child": Object {
        "id": 3,
        "name": "test r1",
        "parentByParentId": Object {
          "id": 2,
          "name": "parent of child r1",
        },
      },
    },
    "r2": Object {
      "child": Object {
        "id": 4,
        "name": "test r2",
        "parentByParentId": null,
      },
    },
    "r3": Object {
      "child": Object {
        "id": 5,
        "name": "test r3",
        "parentByParentId": Object {
          "id": 1000,
          "name": "A",
        },
      },
    },
  },
}
`;

exports[`uuid-pkey.graphql 1`] = `
Object {
  "data": Object {
    "m1": Object {
      "parentUuid": Object {
        "childUuidsByParentId": Object {
          "nodes": Array [
            Object {
              "id": "d9deb95b-1a69-4178-aa7c-834ed54edb91",
              "name": "child 2 of test m1",
              "parentId": "0609e1cc-4f01-4c33-a7c0-aee402e9d043",
            },
            Object {
              "id": "dbb34d5a-c4e1-4b42-9d0d-a3e546f02a94",
              "name": "child 1 of test m1",
              "parentId": "0609e1cc-4f01-4c33-a7c0-aee402e9d043",
            },
          ],
        },
        "id": "0609e1cc-4f01-4c33-a7c0-aee402e9d043",
        "name": "test m1",
      },
    },
  },
}
`;
